::ffff:127.0.0.1 - - [03/Jul/2021:14:52:50 +0000] "POST /sendincoming HTTP/1.1" 200 330 "https://localhost/fileopen" "Mozilla/5.0 (Windows NT 10.0; Win64; x64; rv:89.0) Gecko/20100101 Firefox/89.0"
::1 - - [03/Jul/2021:14:52:56 +0000] "POST /sendincoming HTTP/1.1" 200 358 "https://localhost/explorer" "Mozilla/5.0 (Windows NT 10.0; Win64; x64) AppleWebKit/537.36 (KHTML, like Gecko) Chrome/91.0.4472.114 Safari/537.36"
::1 - - [03/Jul/2021:14:52:57 +0000] "GET /explorer HTTP/1.1" 200 66593 "https://localhost/dashlogs" "Mozilla/5.0 (Windows NT 10.0; Win64; x64) AppleWebKit/537.36 (KHTML, like Gecko) Chrome/91.0.4472.114 Safari/537.36"
::1 - - [03/Jul/2021:14:52:57 +0000] "GET /vendors/bootstrap/dist/css/bootstrap.css HTTP/1.1" 200 197172 "https://localhost/explorer" "Mozilla/5.0 (Windows NT 10.0; Win64; x64) AppleWebKit/537.36 (KHTML, like Gecko) Chrome/91.0.4472.114 Safari/537.36"
::1 - - [03/Jul/2021:14:52:57 +0000] "GET /vendors/themify-icons/css/themify-icons.css HTTP/1.1" 200 16403 "https://localhost/explorer" "Mozilla/5.0 (Windows NT 10.0; Win64; x64) AppleWebKit/537.36 (KHTML, like Gecko) Chrome/91.0.4472.114 Safari/537.36"
::1 - - [03/Jul/2021:14:52:57 +0000] "GET /vendors/bootstrap/dist/css/select2.css HTTP/1.1" 200 17358 "https://localhost/explorer" "Mozilla/5.0 (Windows NT 10.0; Win64; x64) AppleWebKit/537.36 (KHTML, like Gecko) Chrome/91.0.4472.114 Safari/537.36"
::1 - - [03/Jul/2021:14:52:57 +0000] "GET /vendors/bootstrap/dist/css/font.css HTTP/1.1" 200 4547 "https://localhost/explorer" "Mozilla/5.0 (Windows NT 10.0; Win64; x64) AppleWebKit/537.36 (KHTML, like Gecko) Chrome/91.0.4472.114 Safari/537.36"
::1 - - [03/Jul/2021:14:52:57 +0000] "GET /vendors/chosen/chosen.min.css HTTP/1.1" 200 10220 "https://localhost/explorer" "Mozilla/5.0 (Windows NT 10.0; Win64; x64) AppleWebKit/537.36 (KHTML, like Gecko) Chrome/91.0.4472.114 Safari/537.36"
::1 - - [03/Jul/2021:14:52:57 +0000] "GET /vendors/bootstrap/dist/css/side.css HTTP/1.1" 200 2514 "https://localhost/explorer" "Mozilla/5.0 (Windows NT 10.0; Win64; x64) AppleWebKit/537.36 (KHTML, like Gecko) Chrome/91.0.4472.114 Safari/537.36"
::1 - - [03/Jul/2021:14:52:57 +0000] "GET /assets/css/style.css HTTP/1.1" 200 138026 "https://localhost/explorer" "Mozilla/5.0 (Windows NT 10.0; Win64; x64) AppleWebKit/537.36 (KHTML, like Gecko) Chrome/91.0.4472.114 Safari/537.36"
::1 - - [03/Jul/2021:14:52:57 +0000] "GET /vendors/bootstrap/dist/css/file-explore.css HTTP/1.1" 200 1194 "https://localhost/explorer" "Mozilla/5.0 (Windows NT 10.0; Win64; x64) AppleWebKit/537.36 (KHTML, like Gecko) Chrome/91.0.4472.114 Safari/537.36"
::1 - - [03/Jul/2021:14:52:57 +0000] "GET /vendors/bootstrap/dist/css/jquerysctipttop.css HTTP/1.1" 200 1427 "https://localhost/explorer" "Mozilla/5.0 (Windows NT 10.0; Win64; x64) AppleWebKit/537.36 (KHTML, like Gecko) Chrome/91.0.4472.114 Safari/537.36"
::1 - - [03/Jul/2021:14:52:57 +0000] "GET /vendors/bootstrap/dist/css/newPDF.css HTTP/1.1" 200 810 "https://localhost/explorer" "Mozilla/5.0 (Windows NT 10.0; Win64; x64) AppleWebKit/537.36 (KHTML, like Gecko) Chrome/91.0.4472.114 Safari/537.36"
::1 - - [03/Jul/2021:14:52:57 +0000] "GET /vendors/bootstrap/dist/css/bootstrap-toggle.min.css HTTP/1.1" 200 2722 "https://localhost/explorer" "Mozilla/5.0 (Windows NT 10.0; Win64; x64) AppleWebKit/537.36 (KHTML, like Gecko) Chrome/91.0.4472.114 Safari/537.36"
::1 - - [03/Jul/2021:14:52:57 +0000] "GET /vendors/font-awesome/css/font-awesome.min.css HTTP/1.1" 200 31000 "https://localhost/explorer" "Mozilla/5.0 (Windows NT 10.0; Win64; x64) AppleWebKit/537.36 (KHTML, like Gecko) Chrome/91.0.4472.114 Safari/537.36"
::1 - - [03/Jul/2021:14:52:57 +0000] "GET /vendors/flag-icon-css/css/flag-icon.min.css HTTP/1.1" 200 33688 "https://localhost/explorer" "Mozilla/5.0 (Windows NT 10.0; Win64; x64) AppleWebKit/537.36 (KHTML, like Gecko) Chrome/91.0.4472.114 Safari/537.36"
::1 - - [03/Jul/2021:14:52:57 +0000] "GET /assets/hashes.js HTTP/1.1" 304 - "https://localhost/explorer" "Mozilla/5.0 (Windows NT 10.0; Win64; x64) AppleWebKit/537.36 (KHTML, like Gecko) Chrome/91.0.4472.114 Safari/537.36"
::1 - - [03/Jul/2021:14:52:57 +0000] "GET /vendors/selectFX/css/cs-skin-elastic.css HTTP/1.1" 200 4956 "https://localhost/explorer" "Mozilla/5.0 (Windows NT 10.0; Win64; x64) AppleWebKit/537.36 (KHTML, like Gecko) Chrome/91.0.4472.114 Safari/537.36"
::1 - - [03/Jul/2021:14:52:57 +0000] "GET /vendors/jqvmap/dist/jqvmap.min.css HTTP/1.1" 200 613 "https://localhost/explorer" "Mozilla/5.0 (Windows NT 10.0; Win64; x64) AppleWebKit/537.36 (KHTML, like Gecko) Chrome/91.0.4472.114 Safari/537.36"
::1 - - [03/Jul/2021:14:52:57 +0000] "GET /assets/js/jquery.213.min.js HTTP/1.1" 304 - "https://localhost/explorer" "Mozilla/5.0 (Windows NT 10.0; Win64; x64) AppleWebKit/537.36 (KHTML, like Gecko) Chrome/91.0.4472.114 Safari/537.36"
::1 - - [03/Jul/2021:14:52:57 +0000] "GET /vendors/font-awesome-4.7/css/font-awesome.min.css HTTP/1.1" 200 31000 "https://localhost/explorer" "Mozilla/5.0 (Windows NT 10.0; Win64; x64) AppleWebKit/537.36 (KHTML, like Gecko) Chrome/91.0.4472.114 Safari/537.36"
::1 - - [03/Jul/2021:14:52:57 +0000] "GET /assets/js/pdfobject.min.js HTTP/1.1" 304 - "https://localhost/explorer" "Mozilla/5.0 (Windows NT 10.0; Win64; x64) AppleWebKit/537.36 (KHTML, like Gecko) Chrome/91.0.4472.114 Safari/537.36"
::1 - - [03/Jul/2021:14:52:57 +0000] "GET /assets/explorer.js HTTP/1.1" 304 - "https://localhost/explorer" "Mozilla/5.0 (Windows NT 10.0; Win64; x64) AppleWebKit/537.36 (KHTML, like Gecko) Chrome/91.0.4472.114 Safari/537.36"
::1 - - [03/Jul/2021:14:52:57 +0000] "GET /vendors/jquery/dist/jquery.min.js HTTP/1.1" 304 - "https://localhost/explorer" "Mozilla/5.0 (Windows NT 10.0; Win64; x64) AppleWebKit/537.36 (KHTML, like Gecko) Chrome/91.0.4472.114 Safari/537.36"
::1 - - [03/Jul/2021:14:52:57 +0000] "GET /vendors/popper.js/dist/umd/popper.min.js HTTP/1.1" 304 - "https://localhost/explorer" "Mozilla/5.0 (Windows NT 10.0; Win64; x64) AppleWebKit/537.36 (KHTML, like Gecko) Chrome/91.0.4472.114 Safari/537.36"
::1 - - [03/Jul/2021:14:52:57 +0000] "GET /vendors/bootstrap/dist/js/bootstrap.min.js HTTP/1.1" 304 - "https://localhost/explorer" "Mozilla/5.0 (Windows NT 10.0; Win64; x64) AppleWebKit/537.36 (KHTML, like Gecko) Chrome/91.0.4472.114 Safari/537.36"
::1 - - [03/Jul/2021:14:52:57 +0000] "GET /assets/js/main.js HTTP/1.1" 304 - "https://localhost/explorer" "Mozilla/5.0 (Windows NT 10.0; Win64; x64) AppleWebKit/537.36 (KHTML, like Gecko) Chrome/91.0.4472.114 Safari/537.36"
::1 - - [03/Jul/2021:14:52:57 +0000] "GET /vendors/bootstrap/dist/js/select2.min.js HTTP/1.1" 304 - "https://localhost/explorer" "Mozilla/5.0 (Windows NT 10.0; Win64; x64) AppleWebKit/537.36 (KHTML, like Gecko) Chrome/91.0.4472.114 Safari/537.36"
::1 - - [03/Jul/2021:14:52:57 +0000] "GET /assets/js/adapter.min.js HTTP/1.1" 304 - "https://localhost/explorer" "Mozilla/5.0 (Windows NT 10.0; Win64; x64) AppleWebKit/537.36 (KHTML, like Gecko) Chrome/91.0.4472.114 Safari/537.36"
::1 - - [03/Jul/2021:14:52:57 +0000] "GET /vendors/font-awesome/fonts/fontawesome-webfont.woff2?v=4.7.0 HTTP/1.1" 304 - "https://localhost/vendors/font-awesome/css/font-awesome.min.css" "Mozilla/5.0 (Windows NT 10.0; Win64; x64) AppleWebKit/537.36 (KHTML, like Gecko) Chrome/91.0.4472.114 Safari/537.36"
::1 - - [03/Jul/2021:14:52:57 +0000] "GET /vendors/bootstrap/dist/css/font/open-sans-v17-vietnamese_latin-ext_latin_greek-ext_greek_cyrillic-ext_cyrillic-regular.woff2 HTTP/1.1" 304 - "https://localhost/vendors/bootstrap/dist/css/font.css" "Mozilla/5.0 (Windows NT 10.0; Win64; x64) AppleWebKit/537.36 (KHTML, like Gecko) Chrome/91.0.4472.114 Safari/537.36"
::1 - - [03/Jul/2021:14:52:57 +0000] "GET /vendors/bootstrap/dist/css/font/open-sans-v17-vietnamese_latin-ext_latin_greek-ext_greek_cyrillic-ext_cyrillic-700.woff2 HTTP/1.1" 304 - "https://localhost/vendors/bootstrap/dist/css/font.css" "Mozilla/5.0 (Windows NT 10.0; Win64; x64) AppleWebKit/537.36 (KHTML, like Gecko) Chrome/91.0.4472.114 Safari/537.36"
::1 - - [03/Jul/2021:14:52:57 +0000] "GET /assets/js/vue.min.js HTTP/1.1" 304 - "https://localhost/explorer" "Mozilla/5.0 (Windows NT 10.0; Win64; x64) AppleWebKit/537.36 (KHTML, like Gecko) Chrome/91.0.4472.114 Safari/537.36"
::1 - - [03/Jul/2021:14:52:57 +0000] "GET /assets/js/instascan.min.js HTTP/1.1" 304 - "https://localhost/explorer" "Mozilla/5.0 (Windows NT 10.0; Win64; x64) AppleWebKit/537.36 (KHTML, like Gecko) Chrome/91.0.4472.114 Safari/537.36"
::1 - - [03/Jul/2021:14:52:57 +0000] "GET /images/logo.png HTTP/1.1" 304 - "https://localhost/explorer" "Mozilla/5.0 (Windows NT 10.0; Win64; x64) AppleWebKit/537.36 (KHTML, like Gecko) Chrome/91.0.4472.114 Safari/537.36"
::1 - - [03/Jul/2021:14:52:57 +0000] "GET /images/nelson.jpg HTTP/1.1" 404 156 "https://localhost/explorer" "Mozilla/5.0 (Windows NT 10.0; Win64; x64) AppleWebKit/537.36 (KHTML, like Gecko) Chrome/91.0.4472.114 Safari/537.36"
::1 - - [03/Jul/2021:14:52:57 +0000] "GET /vendors/bootstrap/dist/js/pdf.min.js HTTP/1.1" 304 - "https://localhost/explorer" "Mozilla/5.0 (Windows NT 10.0; Win64; x64) AppleWebKit/537.36 (KHTML, like Gecko) Chrome/91.0.4472.114 Safari/537.36"
::1 - - [03/Jul/2021:14:52:57 +0000] "GET /vendors/bootstrap/dist/js/pdf.worker.min.js HTTP/1.1" 304 - "https://localhost/explorer" "Mozilla/5.0 (Windows NT 10.0; Win64; x64) AppleWebKit/537.36 (KHTML, like Gecko) Chrome/91.0.4472.114 Safari/537.36"
::1 - - [03/Jul/2021:14:52:57 +0000] "GET /vendors/bootstrap/dist/js/file-explore.js HTTP/1.1" 304 - "https://localhost/explorer" "Mozilla/5.0 (Windows NT 10.0; Win64; x64) AppleWebKit/537.36 (KHTML, like Gecko) Chrome/91.0.4472.114 Safari/537.36"
::1 - - [03/Jul/2021:14:52:57 +0000] "GET /vendors/font-awesome-4.7/fonts/fontawesome-webfont.woff2?v=4.7.0 HTTP/1.1" 304 - "https://localhost/vendors/font-awesome-4.7/css/font-awesome.min.css" "Mozilla/5.0 (Windows NT 10.0; Win64; x64) AppleWebKit/537.36 (KHTML, like Gecko) Chrome/91.0.4472.114 Safari/537.36"
::1 - - [03/Jul/2021:14:52:57 +0000] "GET /vendors/bootstrap/dist/js/side.js HTTP/1.1" 304 - "https://localhost/explorer" "Mozilla/5.0 (Windows NT 10.0; Win64; x64) AppleWebKit/537.36 (KHTML, like Gecko) Chrome/91.0.4472.114 Safari/537.36"
::1 - - [03/Jul/2021:14:52:57 +0000] "GET /vendors/bootstrap/dist/js/bootstrap-toggle.min.js HTTP/1.1" 304 - "https://localhost/explorer" "Mozilla/5.0 (Windows NT 10.0; Win64; x64) AppleWebKit/537.36 (KHTML, like Gecko) Chrome/91.0.4472.114 Safari/537.36"
::1 - - [03/Jul/2021:14:52:57 +0000] "GET /assets/js/dashboard.js HTTP/1.1" 304 - "https://localhost/explorer" "Mozilla/5.0 (Windows NT 10.0; Win64; x64) AppleWebKit/537.36 (KHTML, like Gecko) Chrome/91.0.4472.114 Safari/537.36"
::1 - - [03/Jul/2021:14:52:57 +0000] "GET /assets/cookie.js HTTP/1.1" 304 - "https://localhost/explorer" "Mozilla/5.0 (Windows NT 10.0; Win64; x64) AppleWebKit/537.36 (KHTML, like Gecko) Chrome/91.0.4472.114 Safari/537.36"
::1 - - [03/Jul/2021:14:52:57 +0000] "GET /assets/modaldoc.js HTTP/1.1" 304 - "https://localhost/explorer" "Mozilla/5.0 (Windows NT 10.0; Win64; x64) AppleWebKit/537.36 (KHTML, like Gecko) Chrome/91.0.4472.114 Safari/537.36"
::1 - - [03/Jul/2021:14:52:57 +0000] "GET /assets/common.js HTTP/1.1" 304 - "https://localhost/explorer" "Mozilla/5.0 (Windows NT 10.0; Win64; x64) AppleWebKit/537.36 (KHTML, like Gecko) Chrome/91.0.4472.114 Safari/537.36"
::1 - - [03/Jul/2021:14:52:57 +0000] "GET /assets/routeclas.js HTTP/1.1" 304 - "https://localhost/explorer" "Mozilla/5.0 (Windows NT 10.0; Win64; x64) AppleWebKit/537.36 (KHTML, like Gecko) Chrome/91.0.4472.114 Safari/537.36"
::1 - - [03/Jul/2021:14:52:57 +0000] "GET /vendors/chosen/chosen.jquery.min.js HTTP/1.1" 304 - "https://localhost/explorer" "Mozilla/5.0 (Windows NT 10.0; Win64; x64) AppleWebKit/537.36 (KHTML, like Gecko) Chrome/91.0.4472.114 Safari/537.36"
::1 - - [03/Jul/2021:14:52:57 +0000] "GET /assets/app.js HTTP/1.1" 304 - "https://localhost/explorer" "Mozilla/5.0 (Windows NT 10.0; Win64; x64) AppleWebKit/537.36 (KHTML, like Gecko) Chrome/91.0.4472.114 Safari/537.36"
::1 - - [03/Jul/2021:14:52:57 +0000] "GET /images/logo2.png HTTP/1.1" 304 - "https://localhost/explorer" "Mozilla/5.0 (Windows NT 10.0; Win64; x64) AppleWebKit/537.36 (KHTML, like Gecko) Chrome/91.0.4472.114 Safari/537.36"
::1 - - [03/Jul/2021:14:52:57 +0000] "POST /browsedrive HTTP/1.1" 200 244 "https://localhost/explorer" "Mozilla/5.0 (Windows NT 10.0; Win64; x64) AppleWebKit/537.36 (KHTML, like Gecko) Chrome/91.0.4472.114 Safari/537.36"
::1 - - [03/Jul/2021:14:52:57 +0000] "GET /images/manager-it.jpg HTTP/1.1" 304 - "https://localhost/explorer" "Mozilla/5.0 (Windows NT 10.0; Win64; x64) AppleWebKit/537.36 (KHTML, like Gecko) Chrome/91.0.4472.114 Safari/537.36"
::1 - - [03/Jul/2021:14:52:57 +0000] "POST /sendincoming HTTP/1.1" 200 358 "https://localhost/explorer" "Mozilla/5.0 (Windows NT 10.0; Win64; x64) AppleWebKit/537.36 (KHTML, like Gecko) Chrome/91.0.4472.114 Safari/537.36"
::1 - - [03/Jul/2021:14:52:57 +0000] "GET /images/noti.wav HTTP/1.1" 206 273140 "https://localhost/explorer" "Mozilla/5.0 (Windows NT 10.0; Win64; x64) AppleWebKit/537.36 (KHTML, like Gecko) Chrome/91.0.4472.114 Safari/537.36"
::1 - - [03/Jul/2021:14:52:57 +0000] "GET /images/noti.wav HTTP/1.1" 206 10996 "https://localhost/explorer" "Mozilla/5.0 (Windows NT 10.0; Win64; x64) AppleWebKit/537.36 (KHTML, like Gecko) Chrome/91.0.4472.114 Safari/537.36"
::1 - - [03/Jul/2021:14:52:57 +0000] "GET /favicon.ico HTTP/1.1" 200 238718 "https://localhost/explorer" "Mozilla/5.0 (Windows NT 10.0; Win64; x64) AppleWebKit/537.36 (KHTML, like Gecko) Chrome/91.0.4472.114 Safari/537.36"
::1 - - [03/Jul/2021:14:52:57 +0000] "GET /images/noti.wav HTTP/1.1" 206 207604 "https://localhost/explorer" "Mozilla/5.0 (Windows NT 10.0; Win64; x64) AppleWebKit/537.36 (KHTML, like Gecko) Chrome/91.0.4472.114 Safari/537.36"
::1 - - [03/Jul/2021:14:52:59 +0000] "POST /browsedrive HTTP/1.1" 200 1726 "https://localhost/explorer" "Mozilla/5.0 (Windows NT 10.0; Win64; x64) AppleWebKit/537.36 (KHTML, like Gecko) Chrome/91.0.4472.114 Safari/537.36"
::ffff:127.0.0.1 - - [03/Jul/2021:14:53:04 +0000] "POST /sendincoming HTTP/1.1" 200 330 "https://localhost/fileopen" "Mozilla/5.0 (Windows NT 10.0; Win64; x64; rv:89.0) Gecko/20100101 Firefox/89.0"
::1 - - [03/Jul/2021:14:53:05 +0000] "POST /sendincoming HTTP/1.1" 200 104 "https://localhost/dashlogs" "Mozilla/5.0 (Windows NT 10.0; Win64; x64) AppleWebKit/537.36 (KHTML, like Gecko) Chrome/91.0.4472.124 Safari/537.36 Edg/91.0.864.64"
::1 - - [03/Jul/2021:14:53:06 +0000] "POST /sendincoming HTTP/1.1" 200 104 "https://localhost/chartmonitornolayout" "Mozilla/5.0 (Windows NT 10.0; Win64; x64) AppleWebKit/537.36 (KHTML, like Gecko) Chrome/91.0.4472.124 Safari/537.36 Edg/91.0.864.64"
::1 - - [03/Jul/2021:14:53:17 +0000] "POST /sendincoming HTTP/1.1" 200 358 "https://localhost/explorer" "Mozilla/5.0 (Windows NT 10.0; Win64; x64) AppleWebKit/537.36 (KHTML, like Gecko) Chrome/91.0.4472.114 Safari/537.36"
::ffff:127.0.0.1 - - [03/Jul/2021:14:53:24 +0000] "POST /sendincoming HTTP/1.1" 200 330 "https://localhost/fileopen" "Mozilla/5.0 (Windows NT 10.0; Win64; x64; rv:89.0) Gecko/20100101 Firefox/89.0"
::1 - - [03/Jul/2021:14:53:25 +0000] "POST /sendincoming HTTP/1.1" 200 104 "https://localhost/dashlogs" "Mozilla/5.0 (Windows NT 10.0; Win64; x64) AppleWebKit/537.36 (KHTML, like Gecko) Chrome/91.0.4472.124 Safari/537.36 Edg/91.0.864.64"
::1 - - [03/Jul/2021:14:53:26 +0000] "POST /sendincoming HTTP/1.1" 200 104 "https://localhost/chartmonitornolayout" "Mozilla/5.0 (Windows NT 10.0; Win64; x64) AppleWebKit/537.36 (KHTML, like Gecko) Chrome/91.0.4472.124 Safari/537.36 Edg/91.0.864.64"
::1 - - [03/Jul/2021:14:53:37 +0000] "POST /sendincoming HTTP/1.1" 200 358 "https://localhost/explorer" "Mozilla/5.0 (Windows NT 10.0; Win64; x64) AppleWebKit/537.36 (KHTML, like Gecko) Chrome/91.0.4472.114 Safari/537.36"
::ffff:127.0.0.1 - - [03/Jul/2021:14:53:44 +0000] "POST /sendincoming HTTP/1.1" 200 330 "https://localhost/fileopen" "Mozilla/5.0 (Windows NT 10.0; Win64; x64; rv:89.0) Gecko/20100101 Firefox/89.0"
::1 - - [03/Jul/2021:14:53:45 +0000] "POST /sendincoming HTTP/1.1" 200 104 "https://localhost/dashlogs" "Mozilla/5.0 (Windows NT 10.0; Win64; x64) AppleWebKit/537.36 (KHTML, like Gecko) Chrome/91.0.4472.124 Safari/537.36 Edg/91.0.864.64"
::1 - - [03/Jul/2021:14:53:46 +0000] "POST /sendincoming HTTP/1.1" 200 104 "https://localhost/chartmonitornolayout" "Mozilla/5.0 (Windows NT 10.0; Win64; x64) AppleWebKit/537.36 (KHTML, like Gecko) Chrome/91.0.4472.124 Safari/537.36 Edg/91.0.864.64"
::1 - - [03/Jul/2021:14:53:58 +0000] "POST /sendincoming HTTP/1.1" 200 358 "https://localhost/explorer" "Mozilla/5.0 (Windows NT 10.0; Win64; x64) AppleWebKit/537.36 (KHTML, like Gecko) Chrome/91.0.4472.114 Safari/537.36"
::ffff:127.0.0.1 - - [03/Jul/2021:14:54:04 +0000] "POST /sendincoming HTTP/1.1" 200 330 "https://localhost/fileopen" "Mozilla/5.0 (Windows NT 10.0; Win64; x64; rv:89.0) Gecko/20100101 Firefox/89.0"
::1 - - [03/Jul/2021:14:54:05 +0000] "POST /sendincoming HTTP/1.1" 200 104 "https://localhost/dashlogs" "Mozilla/5.0 (Windows NT 10.0; Win64; x64) AppleWebKit/537.36 (KHTML, like Gecko) Chrome/91.0.4472.124 Safari/537.36 Edg/91.0.864.64"
::1 - - [03/Jul/2021:14:54:06 +0000] "POST /sendincoming HTTP/1.1" 200 104 "https://localhost/chartmonitornolayout" "Mozilla/5.0 (Windows NT 10.0; Win64; x64) AppleWebKit/537.36 (KHTML, like Gecko) Chrome/91.0.4472.124 Safari/537.36 Edg/91.0.864.64"
::1 - - [03/Jul/2021:14:54:18 +0000] "POST /sendincoming HTTP/1.1" 200 358 "https://localhost/explorer" "Mozilla/5.0 (Windows NT 10.0; Win64; x64) AppleWebKit/537.36 (KHTML, like Gecko) Chrome/91.0.4472.114 Safari/537.36"
::ffff:127.0.0.1 - - [03/Jul/2021:14:54:24 +0000] "POST /sendincoming HTTP/1.1" 200 330 "https://localhost/fileopen" "Mozilla/5.0 (Windows NT 10.0; Win64; x64; rv:89.0) Gecko/20100101 Firefox/89.0"
::1 - - [03/Jul/2021:14:54:25 +0000] "POST /sendincoming HTTP/1.1" 200 104 "https://localhost/dashlogs" "Mozilla/5.0 (Windows NT 10.0; Win64; x64) AppleWebKit/537.36 (KHTML, like Gecko) Chrome/91.0.4472.124 Safari/537.36 Edg/91.0.864.64"
::1 - - [03/Jul/2021:14:54:26 +0000] "POST /sendincoming HTTP/1.1" 200 104 "https://localhost/chartmonitornolayout" "Mozilla/5.0 (Windows NT 10.0; Win64; x64) AppleWebKit/537.36 (KHTML, like Gecko) Chrome/91.0.4472.124 Safari/537.36 Edg/91.0.864.64"
::1 - - [03/Jul/2021:14:54:38 +0000] "POST /sendincoming HTTP/1.1" 200 358 "https://localhost/explorer" "Mozilla/5.0 (Windows NT 10.0; Win64; x64) AppleWebKit/537.36 (KHTML, like Gecko) Chrome/91.0.4472.114 Safari/537.36"
::ffff:192.168.100.45 - - [03/Jul/2021:14:54:39 +0000] "POST /sendincoming HTTP/1.1" 200 358 "https://192.168.100.31/dashlogs" "Mozilla/5.0 (Linux; Android 11; RMX3085) AppleWebKit/537.36 (KHTML, like Gecko) Chrome/89.0.4389.105 Mobile Safari/537.36"
::ffff:192.168.100.45 - - [03/Jul/2021:14:54:40 +0000] "POST /sendincoming HTTP/1.1" 200 358 "https://192.168.100.31/chartmonitornolayout" "Mozilla/5.0 (Linux; Android 11; RMX3085) AppleWebKit/537.36 (KHTML, like Gecko) Chrome/89.0.4389.105 Mobile Safari/537.36"
::ffff:127.0.0.1 - - [03/Jul/2021:14:54:44 +0000] "POST /sendincoming HTTP/1.1" 200 330 "https://localhost/fileopen" "Mozilla/5.0 (Windows NT 10.0; Win64; x64; rv:89.0) Gecko/20100101 Firefox/89.0"
::1 - - [03/Jul/2021:14:54:45 +0000] "POST /sendincoming HTTP/1.1" 200 104 "https://localhost/dashlogs" "Mozilla/5.0 (Windows NT 10.0; Win64; x64) AppleWebKit/537.36 (KHTML, like Gecko) Chrome/91.0.4472.124 Safari/537.36 Edg/91.0.864.64"
::1 - - [03/Jul/2021:14:54:46 +0000] "POST /sendincoming HTTP/1.1" 200 104 "https://localhost/chartmonitornolayout" "Mozilla/5.0 (Windows NT 10.0; Win64; x64) AppleWebKit/537.36 (KHTML, like Gecko) Chrome/91.0.4472.124 Safari/537.36 Edg/91.0.864.64"
::1 - - [03/Jul/2021:14:54:58 +0000] "POST /sendincoming HTTP/1.1" 200 358 "https://localhost/explorer" "Mozilla/5.0 (Windows NT 10.0; Win64; x64) AppleWebKit/537.36 (KHTML, like Gecko) Chrome/91.0.4472.114 Safari/537.36"
::ffff:127.0.0.1 - - [03/Jul/2021:14:55:04 +0000] "POST /sendincoming HTTP/1.1" 200 330 "https://localhost/fileopen" "Mozilla/5.0 (Windows NT 10.0; Win64; x64; rv:89.0) Gecko/20100101 Firefox/89.0"
::1 - - [03/Jul/2021:14:55:05 +0000] "POST /sendincoming HTTP/1.1" 200 104 "https://localhost/dashlogs" "Mozilla/5.0 (Windows NT 10.0; Win64; x64) AppleWebKit/537.36 (KHTML, like Gecko) Chrome/91.0.4472.124 Safari/537.36 Edg/91.0.864.64"
::1 - - [03/Jul/2021:14:55:06 +0000] "POST /sendincoming HTTP/1.1" 200 104 "https://localhost/chartmonitornolayout" "Mozilla/5.0 (Windows NT 10.0; Win64; x64) AppleWebKit/537.36 (KHTML, like Gecko) Chrome/91.0.4472.124 Safari/537.36 Edg/91.0.864.64"
::1 - - [03/Jul/2021:14:55:18 +0000] "POST /sendincoming HTTP/1.1" 200 358 "https://localhost/explorer" "Mozilla/5.0 (Windows NT 10.0; Win64; x64) AppleWebKit/537.36 (KHTML, like Gecko) Chrome/91.0.4472.114 Safari/537.36"
::ffff:127.0.0.1 - - [03/Jul/2021:14:55:24 +0000] "POST /sendincoming HTTP/1.1" 200 330 "https://localhost/fileopen" "Mozilla/5.0 (Windows NT 10.0; Win64; x64; rv:89.0) Gecko/20100101 Firefox/89.0"
::1 - - [03/Jul/2021:14:55:25 +0000] "POST /sendincoming HTTP/1.1" 200 104 "https://localhost/dashlogs" "Mozilla/5.0 (Windows NT 10.0; Win64; x64) AppleWebKit/537.36 (KHTML, like Gecko) Chrome/91.0.4472.124 Safari/537.36 Edg/91.0.864.64"
::1 - - [03/Jul/2021:14:55:26 +0000] "POST /sendincoming HTTP/1.1" 200 104 "https://localhost/chartmonitornolayout" "Mozilla/5.0 (Windows NT 10.0; Win64; x64) AppleWebKit/537.36 (KHTML, like Gecko) Chrome/91.0.4472.124 Safari/537.36 Edg/91.0.864.64"
::1 - - [03/Jul/2021:14:55:38 +0000] "POST /sendincoming HTTP/1.1" 200 358 "https://localhost/explorer" "Mozilla/5.0 (Windows NT 10.0; Win64; x64) AppleWebKit/537.36 (KHTML, like Gecko) Chrome/91.0.4472.114 Safari/537.36"
::ffff:127.0.0.1 - - [03/Jul/2021:14:55:44 +0000] "POST /sendincoming HTTP/1.1" 200 330 "https://localhost/fileopen" "Mozilla/5.0 (Windows NT 10.0; Win64; x64; rv:89.0) Gecko/20100101 Firefox/89.0"
::1 - - [03/Jul/2021:14:55:45 +0000] "POST /sendincoming HTTP/1.1" 200 104 "https://localhost/dashlogs" "Mozilla/5.0 (Windows NT 10.0; Win64; x64) AppleWebKit/537.36 (KHTML, like Gecko) Chrome/91.0.4472.124 Safari/537.36 Edg/91.0.864.64"
::1 - - [03/Jul/2021:14:55:46 +0000] "POST /sendincoming HTTP/1.1" 200 104 "https://localhost/chartmonitornolayout" "Mozilla/5.0 (Windows NT 10.0; Win64; x64) AppleWebKit/537.36 (KHTML, like Gecko) Chrome/91.0.4472.124 Safari/537.36 Edg/91.0.864.64"
::1 - - [03/Jul/2021:14:55:58 +0000] "POST /sendincoming HTTP/1.1" 200 358 "https://localhost/explorer" "Mozilla/5.0 (Windows NT 10.0; Win64; x64) AppleWebKit/537.36 (KHTML, like Gecko) Chrome/91.0.4472.114 Safari/537.36"
::ffff:127.0.0.1 - - [03/Jul/2021:14:56:04 +0000] "POST /sendincoming HTTP/1.1" 200 330 "https://localhost/fileopen" "Mozilla/5.0 (Windows NT 10.0; Win64; x64; rv:89.0) Gecko/20100101 Firefox/89.0"
::1 - - [03/Jul/2021:14:56:05 +0000] "POST /sendincoming HTTP/1.1" 200 104 "https://localhost/dashlogs" "Mozilla/5.0 (Windows NT 10.0; Win64; x64) AppleWebKit/537.36 (KHTML, like Gecko) Chrome/91.0.4472.124 Safari/537.36 Edg/91.0.864.64"
::1 - - [03/Jul/2021:14:56:06 +0000] "POST /sendincoming HTTP/1.1" 200 104 "https://localhost/chartmonitornolayout" "Mozilla/5.0 (Windows NT 10.0; Win64; x64) AppleWebKit/537.36 (KHTML, like Gecko) Chrome/91.0.4472.124 Safari/537.36 Edg/91.0.864.64"
::1 - - [03/Jul/2021:14:56:18 +0000] "POST /sendincoming HTTP/1.1" 200 358 "https://localhost/explorer" "Mozilla/5.0 (Windows NT 10.0; Win64; x64) AppleWebKit/537.36 (KHTML, like Gecko) Chrome/91.0.4472.114 Safari/537.36"
::ffff:127.0.0.1 - - [03/Jul/2021:14:56:24 +0000] "POST /sendincoming HTTP/1.1" 200 330 "https://localhost/fileopen" "Mozilla/5.0 (Windows NT 10.0; Win64; x64; rv:89.0) Gecko/20100101 Firefox/89.0"
::1 - - [03/Jul/2021:14:56:25 +0000] "POST /sendincoming HTTP/1.1" 200 104 "https://localhost/dashlogs" "Mozilla/5.0 (Windows NT 10.0; Win64; x64) AppleWebKit/537.36 (KHTML, like Gecko) Chrome/91.0.4472.124 Safari/537.36 Edg/91.0.864.64"
::1 - - [03/Jul/2021:14:56:26 +0000] "POST /sendincoming HTTP/1.1" 200 104 "https://localhost/chartmonitornolayout" "Mozilla/5.0 (Windows NT 10.0; Win64; x64) AppleWebKit/537.36 (KHTML, like Gecko) Chrome/91.0.4472.124 Safari/537.36 Edg/91.0.864.64"
::1 - - [03/Jul/2021:14:56:38 +0000] "POST /sendincoming HTTP/1.1" 200 358 "https://localhost/explorer" "Mozilla/5.0 (Windows NT 10.0; Win64; x64) AppleWebKit/537.36 (KHTML, like Gecko) Chrome/91.0.4472.114 Safari/537.36"
::ffff:127.0.0.1 - - [03/Jul/2021:14:56:44 +0000] "POST /sendincoming HTTP/1.1" 200 330 "https://localhost/fileopen" "Mozilla/5.0 (Windows NT 10.0; Win64; x64; rv:89.0) Gecko/20100101 Firefox/89.0"
::1 - - [03/Jul/2021:14:56:45 +0000] "POST /sendincoming HTTP/1.1" 200 104 "https://localhost/dashlogs" "Mozilla/5.0 (Windows NT 10.0; Win64; x64) AppleWebKit/537.36 (KHTML, like Gecko) Chrome/91.0.4472.124 Safari/537.36 Edg/91.0.864.64"
::1 - - [03/Jul/2021:14:56:46 +0000] "POST /sendincoming HTTP/1.1" 200 104 "https://localhost/chartmonitornolayout" "Mozilla/5.0 (Windows NT 10.0; Win64; x64) AppleWebKit/537.36 (KHTML, like Gecko) Chrome/91.0.4472.124 Safari/537.36 Edg/91.0.864.64"
::1 - - [03/Jul/2021:14:56:58 +0000] "POST /sendincoming HTTP/1.1" 200 358 "https://localhost/explorer" "Mozilla/5.0 (Windows NT 10.0; Win64; x64) AppleWebKit/537.36 (KHTML, like Gecko) Chrome/91.0.4472.114 Safari/537.36"
::ffff:127.0.0.1 - - [03/Jul/2021:14:57:04 +0000] "POST /sendincoming HTTP/1.1" 200 330 "https://localhost/fileopen" "Mozilla/5.0 (Windows NT 10.0; Win64; x64; rv:89.0) Gecko/20100101 Firefox/89.0"
::1 - - [03/Jul/2021:14:57:05 +0000] "POST /sendincoming HTTP/1.1" 200 104 "https://localhost/dashlogs" "Mozilla/5.0 (Windows NT 10.0; Win64; x64) AppleWebKit/537.36 (KHTML, like Gecko) Chrome/91.0.4472.124 Safari/537.36 Edg/91.0.864.64"
::1 - - [03/Jul/2021:14:57:06 +0000] "POST /sendincoming HTTP/1.1" 200 104 "https://localhost/chartmonitornolayout" "Mozilla/5.0 (Windows NT 10.0; Win64; x64) AppleWebKit/537.36 (KHTML, like Gecko) Chrome/91.0.4472.124 Safari/537.36 Edg/91.0.864.64"
::1 - - [03/Jul/2021:14:57:18 +0000] "POST /sendincoming HTTP/1.1" 200 358 "https://localhost/explorer" "Mozilla/5.0 (Windows NT 10.0; Win64; x64) AppleWebKit/537.36 (KHTML, like Gecko) Chrome/91.0.4472.114 Safari/537.36"
::ffff:127.0.0.1 - - [03/Jul/2021:14:57:24 +0000] "POST /sendincoming HTTP/1.1" 200 330 "https://localhost/fileopen" "Mozilla/5.0 (Windows NT 10.0; Win64; x64; rv:89.0) Gecko/20100101 Firefox/89.0"
::1 - - [03/Jul/2021:14:57:25 +0000] "POST /sendincoming HTTP/1.1" 200 104 "https://localhost/dashlogs" "Mozilla/5.0 (Windows NT 10.0; Win64; x64) AppleWebKit/537.36 (KHTML, like Gecko) Chrome/91.0.4472.124 Safari/537.36 Edg/91.0.864.64"
::1 - - [03/Jul/2021:14:57:26 +0000] "POST /sendincoming HTTP/1.1" 200 104 "https://localhost/chartmonitornolayout" "Mozilla/5.0 (Windows NT 10.0; Win64; x64) AppleWebKit/537.36 (KHTML, like Gecko) Chrome/91.0.4472.124 Safari/537.36 Edg/91.0.864.64"
::1 - - [03/Jul/2021:14:57:38 +0000] "POST /sendincoming HTTP/1.1" 200 358 "https://localhost/explorer" "Mozilla/5.0 (Windows NT 10.0; Win64; x64) AppleWebKit/537.36 (KHTML, like Gecko) Chrome/91.0.4472.114 Safari/537.36"
::ffff:127.0.0.1 - - [03/Jul/2021:14:57:44 +0000] "POST /sendincoming HTTP/1.1" 200 330 "https://localhost/fileopen" "Mozilla/5.0 (Windows NT 10.0; Win64; x64; rv:89.0) Gecko/20100101 Firefox/89.0"
::1 - - [03/Jul/2021:14:57:45 +0000] "POST /sendincoming HTTP/1.1" 200 104 "https://localhost/dashlogs" "Mozilla/5.0 (Windows NT 10.0; Win64; x64) AppleWebKit/537.36 (KHTML, like Gecko) Chrome/91.0.4472.124 Safari/537.36 Edg/91.0.864.64"
::1 - - [03/Jul/2021:14:57:46 +0000] "POST /sendincoming HTTP/1.1" 200 104 "https://localhost/chartmonitornolayout" "Mozilla/5.0 (Windows NT 10.0; Win64; x64) AppleWebKit/537.36 (KHTML, like Gecko) Chrome/91.0.4472.124 Safari/537.36 Edg/91.0.864.64"
::1 - - [03/Jul/2021:14:57:58 +0000] "POST /sendincoming HTTP/1.1" 200 358 "https://localhost/explorer" "Mozilla/5.0 (Windows NT 10.0; Win64; x64) AppleWebKit/537.36 (KHTML, like Gecko) Chrome/91.0.4472.114 Safari/537.36"
::ffff:127.0.0.1 - - [03/Jul/2021:14:58:04 +0000] "POST /sendincoming HTTP/1.1" 200 330 "https://localhost/fileopen" "Mozilla/5.0 (Windows NT 10.0; Win64; x64; rv:89.0) Gecko/20100101 Firefox/89.0"
::1 - - [03/Jul/2021:14:58:18 +0000] "POST /sendincoming HTTP/1.1" 200 358 "https://localhost/explorer" "Mozilla/5.0 (Windows NT 10.0; Win64; x64) AppleWebKit/537.36 (KHTML, like Gecko) Chrome/91.0.4472.114 Safari/537.36"
::ffff:192.168.100.45 - - [03/Jul/2021:14:58:19 +0000] "POST /sendincoming HTTP/1.1" 200 358 "https://192.168.100.31/dashlogs" "Mozilla/5.0 (Linux; Android 11; RMX3085) AppleWebKit/537.36 (KHTML, like Gecko) Chrome/89.0.4389.105 Mobile Safari/537.36"
::ffff:192.168.100.45 - - [03/Jul/2021:14:58:20 +0000] "POST /sendincoming HTTP/1.1" 200 358 "https://192.168.100.31/chartmonitornolayout" "Mozilla/5.0 (Linux; Android 11; RMX3085) AppleWebKit/537.36 (KHTML, like Gecko) Chrome/89.0.4389.105 Mobile Safari/537.36"
::ffff:127.0.0.1 - - [03/Jul/2021:14:58:24 +0000] "POST /sendincoming HTTP/1.1" 200 330 "https://localhost/fileopen" "Mozilla/5.0 (Windows NT 10.0; Win64; x64; rv:89.0) Gecko/20100101 Firefox/89.0"
::1 - - [03/Jul/2021:14:58:29 +0000] "POST /sendincoming HTTP/1.1" 200 104 "https://localhost/dashlogs" "Mozilla/5.0 (Windows NT 10.0; Win64; x64) AppleWebKit/537.36 (KHTML, like Gecko) Chrome/91.0.4472.124 Safari/537.36 Edg/91.0.864.64"
::1 - - [03/Jul/2021:14:58:29 +0000] "POST /sendincoming HTTP/1.1" 200 104 "https://localhost/chartmonitornolayout" "Mozilla/5.0 (Windows NT 10.0; Win64; x64) AppleWebKit/537.36 (KHTML, like Gecko) Chrome/91.0.4472.124 Safari/537.36 Edg/91.0.864.64"
::1 - - [03/Jul/2021:14:58:38 +0000] "POST /sendincoming HTTP/1.1" 200 358 "https://localhost/explorer" "Mozilla/5.0 (Windows NT 10.0; Win64; x64) AppleWebKit/537.36 (KHTML, like Gecko) Chrome/91.0.4472.114 Safari/537.36"
::ffff:127.0.0.1 - - [03/Jul/2021:14:58:44 +0000] "POST /sendincoming HTTP/1.1" 200 330 "https://localhost/fileopen" "Mozilla/5.0 (Windows NT 10.0; Win64; x64; rv:89.0) Gecko/20100101 Firefox/89.0"
::ffff:192.168.100.45 - - [03/Jul/2021:14:58:54 +0000] "POST /sendincoming HTTP/1.1" 200 358 "https://192.168.100.31/dashlogs" "Mozilla/5.0 (Linux; Android 11; RMX3085) AppleWebKit/537.36 (KHTML, like Gecko) Chrome/89.0.4389.105 Mobile Safari/537.36"
::1 - - [03/Jul/2021:14:58:58 +0000] "POST /sendincoming HTTP/1.1" 200 358 "https://localhost/explorer" "Mozilla/5.0 (Windows NT 10.0; Win64; x64) AppleWebKit/537.36 (KHTML, like Gecko) Chrome/91.0.4472.114 Safari/537.36"
::ffff:192.168.100.45 - - [03/Jul/2021:14:58:59 +0000] "POST /sendincoming HTTP/1.1" 200 358 "https://192.168.100.31/chartmonitornolayout" "Mozilla/5.0 (Linux; Android 11; RMX3085) AppleWebKit/537.36 (KHTML, like Gecko) Chrome/89.0.4389.105 Mobile Safari/537.36"
::ffff:127.0.0.1 - - [03/Jul/2021:14:59:04 +0000] "POST /sendincoming HTTP/1.1" 200 330 "https://localhost/fileopen" "Mozilla/5.0 (Windows NT 10.0; Win64; x64; rv:89.0) Gecko/20100101 Firefox/89.0"
::1 - - [03/Jul/2021:14:59:18 +0000] "POST /sendincoming HTTP/1.1" 200 358 "https://localhost/explorer" "Mozilla/5.0 (Windows NT 10.0; Win64; x64) AppleWebKit/537.36 (KHTML, like Gecko) Chrome/91.0.4472.114 Safari/537.36"
::ffff:127.0.0.1 - - [03/Jul/2021:14:59:24 +0000] "POST /sendincoming HTTP/1.1" 200 330 "https://localhost/fileopen" "Mozilla/5.0 (Windows NT 10.0; Win64; x64; rv:89.0) Gecko/20100101 Firefox/89.0"
::1 - - [03/Jul/2021:14:59:29 +0000] "POST /sendincoming HTTP/1.1" 200 104 "https://localhost/dashlogs" "Mozilla/5.0 (Windows NT 10.0; Win64; x64) AppleWebKit/537.36 (KHTML, like Gecko) Chrome/91.0.4472.124 Safari/537.36 Edg/91.0.864.64"
::1 - - [03/Jul/2021:14:59:29 +0000] "POST /sendincoming HTTP/1.1" 200 104 "https://localhost/chartmonitornolayout" "Mozilla/5.0 (Windows NT 10.0; Win64; x64) AppleWebKit/537.36 (KHTML, like Gecko) Chrome/91.0.4472.124 Safari/537.36 Edg/91.0.864.64"
::1 - - [03/Jul/2021:14:59:38 +0000] "POST /sendincoming HTTP/1.1" 200 358 "https://localhost/explorer" "Mozilla/5.0 (Windows NT 10.0; Win64; x64) AppleWebKit/537.36 (KHTML, like Gecko) Chrome/91.0.4472.114 Safari/537.36"
::ffff:127.0.0.1 - - [03/Jul/2021:14:59:44 +0000] "POST /sendincoming HTTP/1.1" 200 330 "https://localhost/fileopen" "Mozilla/5.0 (Windows NT 10.0; Win64; x64; rv:89.0) Gecko/20100101 Firefox/89.0"
::1 - - [03/Jul/2021:14:59:58 +0000] "POST /sendincoming HTTP/1.1" 200 358 "https://localhost/explorer" "Mozilla/5.0 (Windows NT 10.0; Win64; x64) AppleWebKit/537.36 (KHTML, like Gecko) Chrome/91.0.4472.114 Safari/537.36"
::ffff:127.0.0.1 - - [03/Jul/2021:15:00:04 +0000] "POST /sendincoming HTTP/1.1" 200 330 "https://localhost/fileopen" "Mozilla/5.0 (Windows NT 10.0; Win64; x64; rv:89.0) Gecko/20100101 Firefox/89.0"
::1 - - [03/Jul/2021:15:00:18 +0000] "POST /sendincoming HTTP/1.1" 200 358 "https://localhost/explorer" "Mozilla/5.0 (Windows NT 10.0; Win64; x64) AppleWebKit/537.36 (KHTML, like Gecko) Chrome/91.0.4472.114 Safari/537.36"
::ffff:127.0.0.1 - - [03/Jul/2021:15:00:24 +0000] "POST /sendincoming HTTP/1.1" 200 330 "https://localhost/fileopen" "Mozilla/5.0 (Windows NT 10.0; Win64; x64; rv:89.0) Gecko/20100101 Firefox/89.0"
::1 - - [03/Jul/2021:15:00:29 +0000] "POST /sendincoming HTTP/1.1" 200 104 "https://localhost/dashlogs" "Mozilla/5.0 (Windows NT 10.0; Win64; x64) AppleWebKit/537.36 (KHTML, like Gecko) Chrome/91.0.4472.124 Safari/537.36 Edg/91.0.864.64"
::1 - - [03/Jul/2021:15:00:29 +0000] "POST /sendincoming HTTP/1.1" 200 104 "https://localhost/chartmonitornolayout" "Mozilla/5.0 (Windows NT 10.0; Win64; x64) AppleWebKit/537.36 (KHTML, like Gecko) Chrome/91.0.4472.124 Safari/537.36 Edg/91.0.864.64"
::1 - - [03/Jul/2021:15:00:38 +0000] "POST /sendincoming HTTP/1.1" 200 358 "https://localhost/explorer" "Mozilla/5.0 (Windows NT 10.0; Win64; x64) AppleWebKit/537.36 (KHTML, like Gecko) Chrome/91.0.4472.114 Safari/537.36"
::ffff:127.0.0.1 - - [03/Jul/2021:15:00:44 +0000] "POST /sendincoming HTTP/1.1" 200 330 "https://localhost/fileopen" "Mozilla/5.0 (Windows NT 10.0; Win64; x64; rv:89.0) Gecko/20100101 Firefox/89.0"
::1 - - [03/Jul/2021:15:00:58 +0000] "POST /sendincoming HTTP/1.1" 200 358 "https://localhost/explorer" "Mozilla/5.0 (Windows NT 10.0; Win64; x64) AppleWebKit/537.36 (KHTML, like Gecko) Chrome/91.0.4472.114 Safari/537.36"
::ffff:192.168.100.45 - - [03/Jul/2021:15:01:01 +0000] "POST /sendincoming HTTP/1.1" 200 358 "https://192.168.100.31/dashlogs" "Mozilla/5.0 (Linux; Android 11; RMX3085) AppleWebKit/537.36 (KHTML, like Gecko) Chrome/89.0.4389.105 Mobile Safari/537.36"
::ffff:192.168.100.45 - - [03/Jul/2021:15:01:02 +0000] "POST /sendincoming HTTP/1.1" 200 358 "https://192.168.100.31/chartmonitornolayout" "Mozilla/5.0 (Linux; Android 11; RMX3085) AppleWebKit/537.36 (KHTML, like Gecko) Chrome/89.0.4389.105 Mobile Safari/537.36"
::ffff:127.0.0.1 - - [03/Jul/2021:15:01:04 +0000] "POST /sendincoming HTTP/1.1" 200 330 "https://localhost/fileopen" "Mozilla/5.0 (Windows NT 10.0; Win64; x64; rv:89.0) Gecko/20100101 Firefox/89.0"
::1 - - [03/Jul/2021:15:01:18 +0000] "POST /sendincoming HTTP/1.1" 200 358 "https://localhost/explorer" "Mozilla/5.0 (Windows NT 10.0; Win64; x64) AppleWebKit/537.36 (KHTML, like Gecko) Chrome/91.0.4472.114 Safari/537.36"
::ffff:127.0.0.1 - - [03/Jul/2021:15:01:24 +0000] "POST /sendincoming HTTP/1.1" 200 330 "https://localhost/fileopen" "Mozilla/5.0 (Windows NT 10.0; Win64; x64; rv:89.0) Gecko/20100101 Firefox/89.0"
::1 - - [03/Jul/2021:15:01:29 +0000] "POST /sendincoming HTTP/1.1" 200 104 "https://localhost/dashlogs" "Mozilla/5.0 (Windows NT 10.0; Win64; x64) AppleWebKit/537.36 (KHTML, like Gecko) Chrome/91.0.4472.124 Safari/537.36 Edg/91.0.864.64"
::1 - - [03/Jul/2021:15:01:29 +0000] "POST /sendincoming HTTP/1.1" 200 104 "https://localhost/chartmonitornolayout" "Mozilla/5.0 (Windows NT 10.0; Win64; x64) AppleWebKit/537.36 (KHTML, like Gecko) Chrome/91.0.4472.124 Safari/537.36 Edg/91.0.864.64"
::1 - - [03/Jul/2021:15:01:38 +0000] "POST /sendincoming HTTP/1.1" 200 358 "https://localhost/explorer" "Mozilla/5.0 (Windows NT 10.0; Win64; x64) AppleWebKit/537.36 (KHTML, like Gecko) Chrome/91.0.4472.114 Safari/537.36"
::ffff:127.0.0.1 - - [03/Jul/2021:15:01:44 +0000] "POST /sendincoming HTTP/1.1" 200 330 "https://localhost/fileopen" "Mozilla/5.0 (Windows NT 10.0; Win64; x64; rv:89.0) Gecko/20100101 Firefox/89.0"
::1 - - [03/Jul/2021:15:01:58 +0000] "POST /sendincoming HTTP/1.1" 200 358 "https://localhost/explorer" "Mozilla/5.0 (Windows NT 10.0; Win64; x64) AppleWebKit/537.36 (KHTML, like Gecko) Chrome/91.0.4472.114 Safari/537.36"
::ffff:127.0.0.1 - - [03/Jul/2021:15:02:04 +0000] "POST /sendincoming HTTP/1.1" 200 330 "https://localhost/fileopen" "Mozilla/5.0 (Windows NT 10.0; Win64; x64; rv:89.0) Gecko/20100101 Firefox/89.0"
::1 - - [03/Jul/2021:15:02:12 +0000] "POST /sendincoming HTTP/1.1" 200 104 "https://localhost/dashlogs" "Mozilla/5.0 (Windows NT 10.0; Win64; x64) AppleWebKit/537.36 (KHTML, like Gecko) Chrome/91.0.4472.124 Safari/537.36 Edg/91.0.864.64"
::1 - - [03/Jul/2021:15:02:12 +0000] "POST /sendincoming HTTP/1.1" 200 104 "https://localhost/chartmonitornolayout" "Mozilla/5.0 (Windows NT 10.0; Win64; x64) AppleWebKit/537.36 (KHTML, like Gecko) Chrome/91.0.4472.124 Safari/537.36 Edg/91.0.864.64"
::1 - - [03/Jul/2021:15:02:18 +0000] "POST /sendincoming HTTP/1.1" 200 358 "https://localhost/explorer" "Mozilla/5.0 (Windows NT 10.0; Win64; x64) AppleWebKit/537.36 (KHTML, like Gecko) Chrome/91.0.4472.114 Safari/537.36"
::ffff:127.0.0.1 - - [03/Jul/2021:15:02:24 +0000] "POST /sendincoming HTTP/1.1" 200 330 "https://localhost/fileopen" "Mozilla/5.0 (Windows NT 10.0; Win64; x64; rv:89.0) Gecko/20100101 Firefox/89.0"
::1 - - [03/Jul/2021:15:02:25 +0000] "POST /sendincoming HTTP/1.1" 200 104 "https://localhost/dashlogs" "Mozilla/5.0 (Windows NT 10.0; Win64; x64) AppleWebKit/537.36 (KHTML, like Gecko) Chrome/91.0.4472.124 Safari/537.36 Edg/91.0.864.64"
::1 - - [03/Jul/2021:15:02:26 +0000] "POST /sendincoming HTTP/1.1" 200 104 "https://localhost/chartmonitornolayout" "Mozilla/5.0 (Windows NT 10.0; Win64; x64) AppleWebKit/537.36 (KHTML, like Gecko) Chrome/91.0.4472.124 Safari/537.36 Edg/91.0.864.64"
